-e [1;31m Compiling[0m[1m src/main/partition/partitionMain.cpp [0m
-e [1;31m Compiling[0m[1m src/main/partition/partition.cpp [0m
-e [1;31m Compiling[0m[1m src/main/partition/parMetis.cpp [0m
-e [1;31m Compiling[0m[1m src/others/controls.cpp [0m
-e [1;31m Compiling[0m[1m src/others/mpi.cpp [0m
-e [1;31m Compiling[0m[1m src/others/mesh.cpp [0m
-e [1;31m Compiling[0m[1m src/others/log.cpp [0m
-e [1;31m Compiling[0m[1m src/others/variables.cpp [0m
-e [1;31m Compiling[0m[1m src/others/math.cpp [0m
-e [1;31m Compiling[0m[1m src/others/setVarUDF.cpp [0m
-e [1;31m Compiling[0m[1m src/others/save.cpp [0m
-e [1;31m Compiling[0m[1m src/others/load.cpp [0m
-e [1;31m Compiling[0m[1m src/others/load_settingFiles.cpp [0m
-e [1;31m Compiling[0m[1m src/others/load_vtuFiles.cpp [0m
-e [1;31m Compiling[0m[1m src/others/load_openFoam.cpp [0m
-e [1;31m PARTITION CODE compile/link complete [0m
-e [1;31m Compiling[0m[1m src/main/flow/compressible/multicomponent/multicomponent.cpp [0m
-e [1;31m Compiling[0m[1m src/main/flow/compressible/multicomponent/setAddiUDF.cpp [0m
-e [1;31m Compiling[0m[1m src/main/flow/compressible/multicomponent/setConvUDF.cpp [0m
-e [1;31m Compiling[0m[1m src/main/flow/compressible/multicomponent/setDiffUDF.cpp [0m
-e [1;31m Compiling[0m[1m src/main/flow/compressible/multicomponent/setFaceValUDF.cpp [0m
-e [1;31m Compiling[0m[1m src/main/flow/compressible/multicomponent/setGradUDF.cpp [0m
-e [1;31m Compiling[0m[1m src/main/flow/compressible/multicomponent/setHOUDF.cpp [0m
-e [1;31m Compiling[0m[1m src/main/flow/compressible/multicomponent/setOldVarUDF.cpp [0m
-e [1;31m Compiling[0m[1m src/main/flow/compressible/multicomponent/setSourUDF.cpp [0m
-e [1;31m Compiling[0m[1m src/main/flow/compressible/multicomponent/setTempUDF.cpp [0m
-e [1;31m Compiling[0m[1m src/main/flow/compressible/multicomponent/setVarUDF.cpp [0m
-e [1;31m Compiling[0m[1m src/main/flow/compressible/multicomponent/setTempStepUDF.cpp [0m
-e [1;31m Compiling[0m[1m src/others/solvers.cpp [0m
-e [1;31m Compiling[0m[1m src/others/fvm.cpp [0m
-e [1;31m Compiling[0m[1m src/others/fvm_inline.cpp [0m
-e [1;31m Compiling[0m[1m src/others/gradient.cpp [0m
-e [1;31m Compiling[0m[1m src/others/controls_geometric.cpp [0m
-e [1;31m Compiling[0m[1m src/others/polyAMR.cpp [0m
-e [1;31m Compiling[0m[1m src/others/polyAMR_inline.cpp [0m
-e [1;31m Compiling[0m[1m src/others/polyRefine.cpp [0m
-e [1;31m Compiling[0m[1m src/others/polyUnrefine.cpp [0m
-e [1;31m Compiling[0m[1m src/others/repartitioning.cpp [0m
-e [1;31m Compiling[0m[1m src/others/repartParMETIS.cpp [0m
-e [1;31m MultiComponent CODE compile/link complete [0m
-e [1;31m Compiling[0m[1m src/others/controls.cpp [0m
-e [1;31m PARTITION CODE compile/link complete [0m
-e [1;31m MultiComponent CODE compile/link complete [0m
-e [1;31m Compiling[0m[1m src/others/controls.cpp [0m
-e [1;31m PARTITION CODE compile/link complete [0m
-e [1;31m Compiling[0m[1m src/others/fvm_inline.cpp [0m
-e [1;31m MultiComponent CODE compile/link complete [0m
-e [1;31m Compiling[0m[1m src/others/fvm_inline.cpp [0m
-e [1;31m MultiComponent CODE compile/link complete [0m
-e [1;31m Compiling[0m[1m src/others/fvm_inline.cpp [0m
-e [1;31m MultiComponent CODE compile/link complete [0m
-e [1;31m Compiling[0m[1m src/others/fvm_inline.cpp [0m
-e [1;31m MultiComponent CODE compile/link complete [0m
-e [1;31m Compiling[0m[1m src/others/controls.cpp [0m
-e [1;31m PARTITION CODE compile/link complete [0m
-e [1;31m Compiling[0m[1m src/others/fvm_inline.cpp [0m
-e [1;31m MultiComponent CODE compile/link complete [0m
-e [1;31m Compiling[0m[1m src/others/controls.cpp [0m
-e [1;31m PARTITION CODE compile/link complete [0m
-e [1;31m MultiComponent CODE compile/link complete [0m
-e [1;31m Compiling[0m[1m src/others/controls.cpp [0m
-e [1;31m PARTITION CODE compile/link complete [0m
-e [1;31m MultiComponent CODE compile/link complete [0m
-e [1;31m Compiling[0m[1m src/others/controls.cpp [0m
-e [1;31m PARTITION CODE compile/link complete [0m
-e [1;31m Compiling[0m[1m src/others/polyAMR_inline.cpp [0m
-e [1;31m MultiComponent CODE compile/link complete [0m
-e [1;31m Compiling[0m[1m src/others/polyAMR_inline.cpp [0m
-e [1;31m MultiComponent CODE compile/link complete [0m
-e [1;31m Compiling[0m[1m src/others/polyAMR_inline.cpp [0m
-e [1;31m MultiComponent CODE compile/link complete [0m
-e [1;31m Compiling[0m[1m src/others/polyUnrefine.cpp [0m
-e [1;31m MultiComponent CODE compile/link complete [0m
-e [1;31m Compiling[0m[1m src/others/polyAMR_inline.cpp [0m
-e [1;31m Compiling[0m[1m src/others/polyRefine.cpp [0m
-e [1;31m Compiling[0m[1m src/others/polyUnrefine.cpp [0m
-e [1;31m MultiComponent CODE compile/link complete [0m
-e [1;31m Compiling[0m[1m src/others/polyRefine.cpp [0m
-e [1;31m Compiling[0m[1m src/others/polyUnrefine.cpp [0m
-e [1;31m MultiComponent CODE compile/link complete [0m
-e [1;31m Compiling[0m[1m src/others/polyRefine.cpp [0m
-e [1;31m Compiling[0m[1m src/others/polyUnrefine.cpp [0m
-e [1;31m MultiComponent CODE compile/link complete [0m
-e [1;31m Compiling[0m[1m src/others/polyAMR_inline.cpp [0m
-e [1;31m Compiling[0m[1m src/others/polyUnrefine.cpp [0m
-e [1;31m MultiComponent CODE compile/link complete [0m
-e [1;31m Compiling[0m[1m src/others/polyRefine.cpp [0m
-e [1;31m MultiComponent CODE compile/link complete [0m
-e [1;31m Compiling[0m[1m src/main/flow/compressible/multicomponent/multicomponent.cpp [0m
-e [1;31m Compiling[0m[1m src/others/polyAMR_inline.cpp [0m
-e [1;31m MultiComponent CODE compile/link complete [0m
